// Jest Snapshot v1, https://goo.gl/fbAQLP

exports[`simple commit 1`] = `
TestCommit {
  "$applied": 3,
  "$started": 0,
  "children": Array [
    TestCommit {
      "$applied": 2,
      "$started": 1,
      "children": Array [],
      "node": MockCommitNode {
        "lastCommit": [Circular],
      },
    },
  ],
  "node": RootTestNode {
    "lastCommit": [Circular],
  },
}
`;
